(master) $ git push
Counting objects: 63, done.
Delta compression using up to 16 threads.
Compressing objects: 100% (63/63), done.
Writing objects: 100% (63/63), 401.89 KiB | 0 bytes/s, done.
Total 63 (delta 10), reused 0 (delta 0)
remote: Resolving deltas: 100% (10/10), completed with 8 local objects.
remote: Unexpected system error after push was received.
remote: These changes may not be reflected on github.com!
remote: Your unique error code: 59579cb8d8c91b2f1aebaa85be680753
To https://github.com/crsl4/ccdprobs.git
   dca32b9..7f0541e  master -> master
(master) $ git status
On branch master
Your branch is up-to-date with 'origin/master'.
nothing to commit, working directory clean
(master) $ git pull
Already up-to-date.
(master) $ git push
Everything up-to-date
(master) $ git status
On branch master
Your branch is up-to-date with 'origin/master'.
nothing to commit, working directory clean
(master) $ git push
Everything up-to-date
